// Jest Snapshot v1, https://goo.gl/fbAQLP

exports[`<ParaOutput /> spec renders markdown outputs 1`] = `
<pre>
  # Type your input here
</pre>
`;

exports[`<ParaOutput /> spec renders other types of outputs 1`] = `
<div
  class="euiText euiText--medium"
>
  <div
    class="sc-eDDNvR gUOHUY"
  />
</div>
`;

exports[`<ParaOutput /> spec renders query outputs 1`] = `
<pre>
  {"schema":[{"name":"FlightNum","type":"keyword"},{"name":"Origin","type":"keyword"},{"name":"OriginLocation","type":"geo_point"},{"name":"DestLocation","type":"geo_point"},{"name":"FlightDelay","type":"boolean"},{"name":"DistanceMiles","type":"float"},{"name":"FlightTimeMin","type":"float"},{"name":"OriginWeather","type":"keyword"},{"name":"dayOfWeek","type":"integer"},{"name":"AvgTicketPrice","type":"float"},{"name":"Carrier","type":"keyword"},{"name":"FlightDelayMin","type":"integer"},{"name":"OriginRegion","type":"keyword"},{"name":"DestAirportID","type":"keyword"},{"name":"FlightDelayType","type":"keyword"},{"name":"timestamp","type":"timestamp"},{"name":"Dest","type":"keyword"},{"name":"FlightTimeHour","type":"keyword"},{"name":"Cancelled","type":"boolean"},{"name":"DistanceKilometers","type":"float"},{"name":"OriginCityName","type":"keyword"},{"name":"DestWeather","type":"keyword"},{"name":"OriginCountry","type":"keyword"},{"name":"DestCountry","type":"keyword"},{"name":"DestRegion","type":"keyword"},{"name":"DestCityName","type":"keyword"},{"name":"OriginAirportID","type":"keyword"}],"datarows":[["9HY9SWR","Frankfurt am Main Airport",{"lat":50.033333,"lon":8.570556},{"lat":-33.94609833,"lon":151.177002},false,10247.856,1030.7704,"Sunny",0,841.2656,"OpenSearch Dashboards Airlines",0,"DE-HE","SYD","No Delay","2021-11-01 00:00:00","Sydney Kingsford Smith International Airport","17.179506930998397",false,16492.326,"Frankfurt am Main","Rain","DE","AU","SE-BD","Sydney","FRA"],["X98CCZO","Cape Town International Airport",{"lat":-33.96480179,"lon":18.60169983},{"lat":45.505299,"lon":12.3519},false,5482.6064,464.3895,"Clear",0,882.98267,"Logstash Airways",0,"SE-BD","VE05","No Delay","2021-11-01 18:27:00","Venice Marco Polo Airport","7.73982468459836",false,8823.4,"Cape Town","Sunny","ZA","IT","IT-34","Venice","CPT"]],"total":2,"size":2,"status":200}
</pre>
`;

exports[`<ParaOutput /> spec renders query outputs with error 1`] = `
<pre>
  {"error":"Invalid SQL query"}
</pre>
`;
